../Core/Src/main.c:89:6:HAL_UART_RxCpltCallback	16	static
../Core/Src/main.c:126:6:HAL_UART_TxCpltCallback	16	static
../Core/Src/main.c:142:5:main	8	static
../Core/Src/main.c:192:6:SystemClock_Config	96	static
../Core/Src/main.c:243:13:MX_TIM3_Init	48	static
../Core/Src/main.c:296:13:MX_TIM4_Init	48	static
../Core/Src/main.c:345:13:MX_TIM16_Init	8	static
../Core/Src/main.c:377:13:MX_UART4_Init	8	static
../Core/Src/main.c:412:13:MX_USART3_UART_Init	8	static
../Core/Src/main.c:447:13:MX_GPIO_Init	24	static
../Core/Src/main.c:465:6:Error_Handler	4	static,ignoring_inline_asm
